// Jest Snapshot v1, https://goo.gl/fbAQLP

exports[`Home Component should render component 1`] = `
<View
  style={
    Object {
      "flex": 1,
    }
  }
  testID="home-page"
>
  <Header />
  <TweetList />
</View>
`;
